// Jest Snapshot v1, https://goo.gl/fbAQLP

exports[`it should render table with all greetings 1`] = `
<div>
  <table>
    <thead>
      <tr>
        <th>
          Name
        </th>
        <th>
          Greeting
        </th>
      </tr>
    </thead>
    <tbody>
      <tr>
        <td>
          Klaus
        </td>
        <td>
          Moin moin
        </td>
      </tr>
      <tr>
        <td>
          Susi
        </td>
        <td>
          Hello!
        </td>
      </tr>
    </tbody>
  </table>
  <button
    onClick={[Function]}
  >
    Add
  </button>
</div>
`;
