// Jest Snapshot v1, https://goo.gl/fbAQLP

exports[`renders correctly 1`] = `
Array [
  <button
    aria-label="Add Post"
    className="MuiButtonBase-root MuiFab-root MuiFab-primary"
    disabled={false}
    onBlur={[Function]}
    onClick={[MockFunction]}
    onDragLeave={[Function]}
    onFocus={[Function]}
    onKeyDown={[Function]}
    onKeyUp={[Function]}
    onMouseDown={[Function]}
    onMouseLeave={[Function]}
    onMouseUp={[Function]}
    onTouchEnd={[Function]}
    onTouchMove={[Function]}
    onTouchStart={[Function]}
    tabIndex={0}
    type="button"
  >
    <span
      className="MuiFab-label"
    >
      <svg
        aria-hidden={true}
        className="MuiSvgIcon-root"
        focusable="false"
        viewBox="0 0 24 24"
      >
        <path
          d="M19 13h-6v6h-2v-6H5v-2h6V5h2v6h6v2z"
        />
      </svg>
    </span>
  </button>,
  <div
    className="MuiPaper-root MuiCard-root makeStyles-Post-1 MuiPaper-elevation1 MuiPaper-rounded"
  >
    <div
      className="MuiCardContent-root"
    >
      <span
        className="MuiTypography-root MuiTypography-overline MuiTypography-gutterBottom"
      >
        23.08.2019
      </span>
      <h2
        className="MuiTypography-root MuiTypography-h2 MuiTypography-gutterBottom"
      >
        One
      </h2>
      <p
        className="MuiTypography-root MuiTypography-body1 MuiTypography-gutterBottom"
      >
        Lorem ipsum
      </p>
    </div>
  </div>,
  <div
    className="MuiPaper-root MuiCard-root makeStyles-Post-1 MuiPaper-elevation1 MuiPaper-rounded"
  >
    <div
      className="MuiCardContent-root"
    >
      <span
        className="MuiTypography-root MuiTypography-overline MuiTypography-gutterBottom"
      >
        22.09.2019
      </span>
      <h2
        className="MuiTypography-root MuiTypography-h2 MuiTypography-gutterBottom"
      >
        Second Post
      </h2>
      <p
        className="MuiTypography-root MuiTypography-body1 MuiTypography-gutterBottom"
      >
        Some more content
      </p>
    </div>
  </div>,
]
`;
