// Jest Snapshot v1, https://goo.gl/fbAQLP

exports[`it should render fine 1`] = `
<div>
  <input
    name="name"
    onChange={[Function]}
    placeholder="Name"
    value=""
  />
  <input
    name="greeting"
    onChange={[Function]}
    placeholder="Greeting"
    value=""
  />
  <button
    onClick={[Function]}
  >
    Clear
  </button>
  <button
    disabled={true}
    onClick={[Function]}
  >
    Save
  </button>
</div>
`;
